../Core/Src/main.c:89:5:main	8	static
../Core/Src/main.c:160:6:SystemClock_Config	80	static
../Core/Src/main.c:201:13:MX_ADC_Init	24	static
../Core/Src/main.c:255:13:MX_USART2_UART_Init	8	static
../Core/Src/main.c:288:13:MX_DMA_Init	16	static
../Core/Src/main.c:309:13:MX_GPIO_Init	56	static
../Core/Src/main.c:360:6:EXTI0_1_IRQHandler	8	static
../Core/Src/main.c:386:10:pollADC	8	static
../Core/Src/main.c:406:6:decToBinary	88	static
../Core/Src/main.c:468:6:Error_Handler	8	static,ignoring_inline_asm
