../Core/Src/main.c:71:5:main	8	static
../Core/Src/main.c:142:6:SystemClock_Config	80	static
../Core/Src/main.c:183:13:MX_ADC_Init	24	static
../Core/Src/main.c:237:13:MX_USART2_UART_Init	8	static
../Core/Src/main.c:270:13:MX_DMA_Init	16	static
../Core/Src/main.c:291:13:MX_GPIO_Init	56	static
../Core/Src/main.c:342:6:EXTI0_1_IRQHandler	8	static
../Core/Src/main.c:364:10:pollADC	8	static
../Core/Src/main.c:382:6:decToBinary	88	static
../Core/Src/main.c:437:6:Error_Handler	8	static,ignoring_inline_asm
